// Jest Snapshot v1, https://goo.gl/fbAQLP

exports[`ItemForm component should exist 1`] = `<ItemForm />`;
