// Jest Snapshot v1, https://goo.gl/fbAQLP

exports[`EmailInput component should exist 1`] = `<EmailInput />`;
