// Jest Snapshot v1, https://goo.gl/fbAQLP

exports[`ItemView component should exist 1`] = `<ItemView />`;
