// Jest Snapshot v1, https://goo.gl/fbAQLP

exports[`PasswordInput component should exist 1`] = `<PasswordInput />`;
