// Jest Snapshot v1, https://goo.gl/fbAQLP

exports[`LoginView component should exist 1`] = `<LoginView />`;
