// Jest Snapshot v1, https://goo.gl/fbAQLP

exports[`Footer component should exist 1`] = `<Footer />`;
