// Jest Snapshot v1, https://goo.gl/fbAQLP

exports[`SubmitButton component should exist 1`] = `<SubmitButton />`;
