// Jest Snapshot v1, https://goo.gl/fbAQLP

exports[`PagePurpose component should exist 1`] = `<PagePurpose />`;
