// Jest Snapshot v1, https://goo.gl/fbAQLP

exports[`SearchBar component should exist 1`] = `<SearchBar />`;
