// Jest Snapshot v1, https://goo.gl/fbAQLP

exports[`ServerResponse component should exist 1`] = `<ServerResponse />`;
