// Jest Snapshot v1, https://goo.gl/fbAQLP

exports[`AppDetails component should exist 1`] = `<AppDetails />`;
