// Jest Snapshot v1, https://goo.gl/fbAQLP

exports[`Nav component should exist 1`] = `<withRouter(Nav) />`;
