// Jest Snapshot v1, https://goo.gl/fbAQLP

exports[`BucketlistForm component should exist 1`] = `<BucketlistForm />`;
