// Jest Snapshot v1, https://goo.gl/fbAQLP

exports[`BucketlistView component should exist 1`] = `<BucketlistView />`;
