// Jest Snapshot v1, https://goo.gl/fbAQLP

exports[`RegisterView component should exist 1`] = `<RegisterView />`;
