// Jest Snapshot v1, https://goo.gl/fbAQLP

exports[`Bucketlist component should exist 1`] = `<withRouter(Bucketlist) />`;
