// Jest Snapshot v1, https://goo.gl/fbAQLP

exports[`Item component should exist 1`] = `<withRouter(Item) />`;
