// Jest Snapshot v1, https://goo.gl/fbAQLP

exports[`AltOption component should exist 1`] = `<AltOption />`;
