// Jest Snapshot v1, https://goo.gl/fbAQLP

exports[`App component should exist 1`] = `<App />`;
